PHPUnit Started (PHPUnit 12.5.31 using PHP 8.5.6 (cli) on WINNT)
Test Runner Configured
Bootstrap Finished (D:\POS system\BackEnd\POSsystem\vendor/autoload.php)
Event Facade Sealed
Test Suite Loaded (6 tests)
Test Runner Started
Test Suite Sorted
Test Suite Filtered (4 tests)
Test Runner Execution Started (4 tests)
Test Suite Started (D:\POS system\BackEnd\POSsystem\phpunit.xml, 4 tests)
Test Suite Started (Feature, 4 tests)
Test Suite Started (Tests\Feature\PosWorkflowTest, 4 tests)
Test Preparation Started (Tests\Feature\PosWorkflowTest::test_user_can_login_with_valid_credentials)
Before Test Method Called (Tests\Feature\PosWorkflowTest::setUp)
Before Test Method Finished:
- Tests\Feature\PosWorkflowTest::setUp
Test Prepared (Tests\Feature\PosWorkflowTest::test_user_can_login_with_valid_credentials)
After Test Method Called (Tests\Feature\PosWorkflowTest::tearDown)
After Test Method Finished:
- Tests\Feature\PosWorkflowTest::tearDown
Test Passed (Tests\Feature\PosWorkflowTest::test_user_can_login_with_valid_credentials)
Test Finished (Tests\Feature\PosWorkflowTest::test_user_can_login_with_valid_credentials)
Test Preparation Started (Tests\Feature\PosWorkflowTest::test_order_can_be_created_with_items)
Before Test Method Called (Tests\Feature\PosWorkflowTest::setUp)
Before Test Method Finished:
- Tests\Feature\PosWorkflowTest::setUp
Test Prepared (Tests\Feature\PosWorkflowTest::test_order_can_be_created_with_items)
Test Failed (Tests\Feature\PosWorkflowTest::test_order_can_be_created_with_items)
Expected response status code [201] but received 500.
Failed asserting that 500 is identical to 201.
After Test Method Called (Tests\Feature\PosWorkflowTest::tearDown)
After Test Method Finished:
- Tests\Feature\PosWorkflowTest::tearDown
Test Finished (Tests\Feature\PosWorkflowTest::test_order_can_be_created_with_items)
Test Preparation Started (Tests\Feature\PosWorkflowTest::test_payment_can_be_recorded_for_an_order)
Before Test Method Called (Tests\Feature\PosWorkflowTest::setUp)
Before Test Method Finished:
- Tests\Feature\PosWorkflowTest::setUp
Test Prepared (Tests\Feature\PosWorkflowTest::test_payment_can_be_recorded_for_an_order)
Test Failed (Tests\Feature\PosWorkflowTest::test_payment_can_be_recorded_for_an_order)
Expected response status code [201] but received 422.
Failed asserting that 422 is identical to 201.
The following errors occurred during the last request:
{
 "message": "Validation failed",
 "errors": {
 "order_id": [
 "The order id field is required."
 ]
 }
}
After Test Method Called (Tests\Feature\PosWorkflowTest::tearDown)
After Test Method Finished:
- Tests\Feature\PosWorkflowTest::tearDown
Test Finished (Tests\Feature\PosWorkflowTest::test_payment_can_be_recorded_for_an_order)
Test Preparation Started (Tests\Feature\PosWorkflowTest::test_stock_log_can_be_created_and_update_stock_quantity)
Before Test Method Called (Tests\Feature\PosWorkflowTest::setUp)
Before Test Method Finished:
- Tests\Feature\PosWorkflowTest::setUp
Test Prepared (Tests\Feature\PosWorkflowTest::test_stock_log_can_be_created_and_update_stock_quantity)
After Test Method Called (Tests\Feature\PosWorkflowTest::tearDown)
After Test Method Finished:
- Tests\Feature\PosWorkflowTest::tearDown
Test Passed (Tests\Feature\PosWorkflowTest::test_stock_log_can_be_created_and_update_stock_quantity)
Test Finished (Tests\Feature\PosWorkflowTest::test_stock_log_can_be_created_and_update_stock_quantity)
After Last Test Method Called (Tests\Feature\PosWorkflowTest::tearDownAfterClass)
After Last Test Method Finished:
- Tests\Feature\PosWorkflowTest::tearDownAfterClass
Test Suite Finished (Tests\Feature\PosWorkflowTest, 4 tests)
Test Suite Finished (Feature, 4 tests)
Test Suite Finished (D:\POS system\BackEnd\POSsystem\phpunit.xml, 4 tests)
Test Runner Execution Finished
Test Runner Finished
PHPUnit Finished (Shell Exit Code: 1)
{"tool":"phpunit","result":"failed","tests":4,"passed":2,"assertions":7,"duration_ms":838,"failed":2,"failures":[{"test":"Tests\\Feature\\PosWorkflowTest::test_order_can_be_created_with_items","file":"D:\\POS system\\BackEnd\\POSsystem\\tests\\Feature\\PosWorkflowTest.php","line":31,"message":"Expected response status code [201] but received 500.\nFailed asserting that 500 is identical to 201."},{"test":"Tests\\Feature\\PosWorkflowTest::test_payment_can_be_recorded_for_an_order","file":"D:\\POS system\\BackEnd\\POSsystem\\tests\\Feature\\PosWorkflowTest.php","line":72,"message":"Expected response status code [201] but received 422.\nFailed asserting that 422 is identical to 201.\r\n\r\nThe following errors occurred during the last request:\n\n{\n \"message\": \"Validation failed\",\n \"errors\": {\n \"order_id\": [\n \"The order id field is required.\"\n ]\n }\n}"}]}
